core_cm4.h:1547:22:NVIC_EnableIRQ	16	static
core_cm4.h:1629:22:NVIC_SetPriority	16	static
main.c:97:5:main	24	static
main.c:150:6:vTask1_menu_display	24	static
main.c:165:6:vTask2_cmd_handling	24	static
main.c:192:6:vTask3_cmd_processing	80	static
main.c:237:6:vTask4_uart_write	24	static
main.c:250:13:prvSetupHardware	8	static
main.c:259:6:printmsg	24	static
main.c:272:13:prvSetupUart	32	static
main.c:327:6:prvSetupGpio	32	static
main.c:373:6:rtos_delay	24	static
main.c:385:6:USART2_IRQHandler	24	static,ignoring_inline_asm
main.c:423:9:getCommandCode	16	static
main.c:430:6:getArguments	16	static
main.c:437:6:make_led_on	8	static
main.c:443:6:make_led_off	8	static
main.c:450:6:led_toggle	16	static
main.c:455:6:led_toggle_start	32	static
main.c:474:6:led_toggle_stop	16	static
main.c:480:6:read_led_status	24	static
main.c:487:6:read_rtc_info	72	static
main.c:505:6:print_error_message	24	static
